Partial/Required: 10.01, Required:    400.0, Partial:  4002.86, Net: net22, Pin: output22/A, Layer: met1
Partial/Required:  9.87, Required:    400.0, Partial:  3946.24, Net: net20, Pin: output20/A, Layer: met1
Partial/Required:  9.86, Required:    400.0, Partial:  3942.19, Net: net19, Pin: output19/A, Layer: met1
Partial/Required:  9.85, Required:    400.0, Partial:  3940.16, Net: net21, Pin: output21/A, Layer: met1
Partial/Required:  9.47, Required:    400.0, Partial:  3788.28, Net: net56, Pin: output56/A, Layer: met1
Partial/Required:  9.33, Required:    400.0, Partial:   3733.6, Net: net39, Pin: output39/A, Layer: met1
Partial/Required:  9.26, Required:    400.0, Partial:  3704.54, Net: net50, Pin: output50/A, Layer: met1
Partial/Required:  9.16, Required:    400.0, Partial:  3662.72, Net: net51, Pin: output51/A, Layer: met1
Partial/Required:  8.91, Required:    400.0, Partial:  3563.31, Net: net57, Pin: output57/A, Layer: met1
Partial/Required:  7.66, Required:    400.0, Partial:  3062.98, Net: net13, Pin: output13/A, Layer: met1
Partial/Required:  6.89, Required:    400.0, Partial:  2755.24, Net: net61, Pin: output61/A, Layer: met1
Partial/Required:  6.74, Required:    400.0, Partial:  2694.34, Net: net26, Pin: _1492_/B1, Layer: met1
Partial/Required:  6.51, Required:    400.0, Partial:  2605.53, Net: net23, Pin: _2137_/A1, Layer: met1
Partial/Required:  6.42, Required:    400.0, Partial:  2569.38, Net: net12, Pin: _1468_/B1, Layer: met1
Partial/Required:  6.41, Required:    400.0, Partial:  2563.16, Net: net29, Pin: _1719_/A1, Layer: met1
Partial/Required:  6.40, Required:    400.0, Partial:  2558.07, Net: net24, Pin: _1661_/A1, Layer: met1
Partial/Required:  6.39, Required:    400.0, Partial:  2557.33, Net: net28, Pin: _1698_/A1, Layer: met1
Partial/Required:  6.18, Required:    400.0, Partial:  2470.17, Net: net38, Pin: _2361_/A1, Layer: met1
Partial/Required:  6.07, Required:    400.0, Partial:  2426.16, Net: net34, Pin: _2348_/A1, Layer: met1
Partial/Required:  5.13, Required:    400.0, Partial:  2052.01, Net: net43, Pin: _2385_/B, Layer: met1
Partial/Required:  5.13, Required:    400.0, Partial:  2052.01, Net: net43, Pin: output43/A, Layer: met1
Partial/Required:  4.60, Required:    400.0, Partial:  1841.56, Net: clk, Pin: clkbuf_0_clk/A, Layer: met3
Partial/Required:  3.98, Required:    400.0, Partial:  1593.56, Net: net48, Pin: _2401_/B, Layer: met1
Partial/Required:  3.98, Required:    400.0, Partial:  1593.56, Net: net48, Pin: _2398_/A, Layer: met1
Partial/Required:  3.54, Required:    400.0, Partial:  1414.53, Net: net25, Pin: _2151_/A1, Layer: met1
Partial/Required:  3.54, Required:    400.0, Partial:  1414.53, Net: net25, Pin: output25/A, Layer: met1
Partial/Required:  3.52, Required:    400.0, Partial:  1406.66, Net: net27, Pin: output27/A, Layer: met1
Partial/Required:  3.52, Required:    400.0, Partial:  1406.66, Net: net27, Pin: _1422_/B1, Layer: met1
Partial/Required:  3.23, Required:    400.0, Partial:  1292.61, Net: net14, Pin: _1993_/A1, Layer: met1
Partial/Required:  3.23, Required:    400.0, Partial:  1292.61, Net: net14, Pin: _1470_/B1, Layer: met1
Partial/Required:  3.22, Required:    400.0, Partial:  1288.76, Net: net42, Pin: _2383_/A2, Layer: met1
Partial/Required:  3.22, Required:    400.0, Partial:  1288.76, Net: net42, Pin: output42/A, Layer: met1
Partial/Required:  3.20, Required:    400.0, Partial:  1279.63, Net: net16, Pin: _2028_/A1, Layer: met1
Partial/Required:  3.20, Required:    400.0, Partial:  1279.63, Net: net16, Pin: _1474_/B1, Layer: met1
Partial/Required:  2.08, Required:    400.0, Partial:   830.74, Net: net60, Pin: _2334_/A1, Layer: met1
Partial/Required:  2.08, Required:    400.0, Partial:   830.74, Net: net60, Pin: _2335_/A1, Layer: met1
Partial/Required:  2.08, Required:    400.0, Partial:   830.74, Net: net60, Pin: _2345_/D, Layer: met1
Partial/Required:  2.06, Required:    400.0, Partial:   824.71, Net: net40, Pin: _2366_/A, Layer: met1
Partial/Required:  2.06, Required:    400.0, Partial:   824.71, Net: net40, Pin: _2367_/A, Layer: met1
Partial/Required:  2.06, Required:    400.0, Partial:   824.71, Net: net40, Pin: _2369_/B, Layer: met1
Partial/Required:  2.06, Required:    400.0, Partial:   824.71, Net: net40, Pin: _2376_/B, Layer: met1
Partial/Required:  1.30, Required:   2956.4, Partial:  3855.55, Net: net63, Pin: output63/A, Layer: met1
Partial/Required:  1.26, Required:   2956.4, Partial:  3713.43, Net: net53, Pin: output53/A, Layer: met1
Partial/Required:  1.12, Required:    400.0, Partial:   447.89, Net: _1189_, Pin: _2322_/A2, Layer: met1
